// Jest Snapshot v1, https://goo.gl/fbAQLP

exports[`it renders button with Submit value 1`] = `Submit`;
